// Jest Snapshot v1, https://goo.gl/fbAQLP

exports[`<FormProfile /> should render the heading 1`] = `
<main
  class=""
>
  <h1>
    FormProfile
  </h1>
</main>
`
