// Jest Snapshot v1, https://goo.gl/fbAQLP

exports[`<Empty /> should render the heading 1`] = `
<main
  class=""
>
  <h1>
    Empty
  </h1>
</main>
`
