// Jest Snapshot v1, https://goo.gl/fbAQLP

exports[`<FormSignUp /> should render the heading 1`] = `
<main
  class=""
>
  <h1>
    FormSignUp
  </h1>
</main>
`
