// Jest Snapshot v1, https://goo.gl/fbAQLP

exports[`<CardsList /> should render the heading 1`] = `
<main
  class=""
>
  <h1>
    CardsList
  </h1>
</main>
`
