// Jest Snapshot v1, https://goo.gl/fbAQLP

exports[`<Grid /> should render the heading 1`] = `
<main
  class=""
>
  <h1>
    Grid
  </h1>
</main>
`
